2026-05-25T18:26:49 level=ERROR service=payment-svc msg="HikariPool-1 - Connection is not available, request timed out after 30000ms"
2026-05-25T18:26:49 level=ERROR service=payment-svc msg="Unable to acquire JDBC Connection — pool size: 50, active: 50, idle: 0"
2026-05-25T18:26:49 level=ERROR service=order-svc msg="Downstream payment-svc timeout after 30s — checkout failed"
2026-05-25T18:26:49 level=WARN service=order-svc msg="Retry attempt 3/3 failed — circuit breaker OPEN"
2026-05-25T18:26:49 level=WARN service=postgres msg="max_connections=100 reached — new connections rejected"
2026-05-25T18:26:49 level=WARN service=postgres msg="Long-running query detected: SELECT * FROM orders (runtime: 47s)"
2026-05-25T18:26:49 level=ERROR service=api-gateway msg="POST /checkout 503 Service Unavailable"
2026-05-25T18:26:50 level=ERROR service=payment-svc msg="HikariPool-1 - Connection is not available, request timed out after 30000ms"
2026-05-25T18:26:50 level=ERROR service=payment-svc msg="Unable to acquire JDBC Connection — pool size: 50, active: 50, idle: 0"
2026-05-25T18:26:50 level=ERROR service=order-svc msg="Downstream payment-svc timeout after 30s — checkout failed"
2026-05-25T18:26:50 level=WARN service=order-svc msg="Retry attempt 3/3 failed — circuit breaker OPEN"
2026-05-25T18:26:51 level=WARN service=postgres msg="max_connections=100 reached — new connections rejected"
2026-05-25T18:26:51 level=WARN service=postgres msg="Long-running query detected: SELECT * FROM orders (runtime: 47s)"
2026-05-25T18:26:51 level=ERROR service=api-gateway msg="POST /checkout 503 Service Unavailable"
2026-05-25T18:26:51 level=ERROR service=payment-svc msg="HikariPool-1 - Connection is not available, request timed out after 30000ms"
2026-05-25T18:26:52 level=ERROR service=payment-svc msg="Unable to acquire JDBC Connection — pool size: 50, active: 50, idle: 0"
2026-05-25T18:26:52 level=ERROR service=order-svc msg="Downstream payment-svc timeout after 30s — checkout failed"
2026-05-25T18:26:52 level=WARN service=order-svc msg="Retry attempt 3/3 failed — circuit breaker OPEN"
2026-05-25T18:26:52 level=WARN service=postgres msg="max_connections=100 reached — new connections rejected"
2026-05-25T18:26:52 level=WARN service=postgres msg="Long-running query detected: SELECT * FROM orders (runtime: 47s)"
2026-05-25T18:26:52 level=ERROR service=api-gateway msg="POST /checkout 503 Service Unavailable"
